Original table has rows 1058
TableExprNode has rows = 1058
After mssel constructor called
selected table has rows 46
Original table has rows 1058
TableExprNode has rows = 1058
After mssel constructor called
selected table has rows 46
