nrow=2 a1=0 a2=0 time=[30, 90] keyCh=TIME
nrow=2 a1=0 a2=0 time=[150, 210] keyCh=TIME
nrow=1 a1=0 a2=0 time=[270] keyCh=ANTENNA2
nrow=2 a1=0 a2=1 time=[30, 90] keyCh=TIME
nrow=2 a1=0 a2=1 time=[150, 210] keyCh=TIME
nrow=1 a1=0 a2=1 time=[270] keyCh=ANTENNA2
nrow=2 a1=0 a2=2 time=[30, 90] keyCh=TIME
nrow=2 a1=0 a2=2 time=[150, 210] keyCh=TIME
nrow=1 a1=0 a2=2 time=[270] keyCh=ANTENNA1
nrow=2 a1=1 a2=1 time=[30, 90] keyCh=TIME
nrow=2 a1=1 a2=1 time=[150, 210] keyCh=TIME
nrow=1 a1=1 a2=1 time=[270] keyCh=ANTENNA2
nrow=2 a1=1 a2=2 time=[30, 90] keyCh=TIME
nrow=2 a1=1 a2=2 time=[150, 210] keyCh=TIME
nrow=1 a1=1 a2=2 time=[270] keyCh=ANTENNA1
nrow=2 a1=2 a2=2 time=[30, 90] keyCh=TIME
nrow=2 a1=2 a2=2 time=[150, 210] keyCh=TIME
nrow=1 a1=2 a2=2 time=[270] keyCh=
########
nrow=2 a1=0 a2=0 time=[30, 90]
nrow=2 a1=0 a2=0 time=[150, 210]
nrow=1 a1=0 a2=0 time=[270]
nrow=2 a1=0 a2=1 time=[30, 90]
nrow=2 a1=0 a2=1 time=[150, 210]
nrow=1 a1=0 a2=1 time=[270]
nrow=2 a1=0 a2=2 time=[30, 90]
nrow=2 a1=0 a2=2 time=[150, 210]
nrow=1 a1=0 a2=2 time=[270]
nrow=2 a1=1 a2=1 time=[30, 90]
nrow=2 a1=1 a2=1 time=[150, 210]
nrow=1 a1=1 a2=1 time=[270]
nrow=2 a1=1 a2=2 time=[30, 90]
nrow=2 a1=1 a2=2 time=[150, 210]
nrow=1 a1=1 a2=2 time=[270]
nrow=2 a1=2 a2=2 time=[30, 90]
nrow=2 a1=2 a2=2 time=[150, 210]
nrow=1 a1=2 a2=2 time=[270]
########
nrow=2 a1=0 a2=0 time=[30, 90] keyCh=TIME
nrow=2 a1=0 a2=0 time=[150, 210] keyCh=TIME
nrow=1 a1=0 a2=0 time=[270] keyCh=ANTENNA2
nrow=2 a1=0 a2=1 time=[30, 90] keyCh=TIME
=====
nrow=2 a1=0 a2=0 time=[30, 90] keyCh=TIME
nrow=2 a1=0 a2=0 time=[150, 210] keyCh=TIME
nrow=1 a1=0 a2=0 time=[270] keyCh=ANTENNA2
nrow=2 a1=0 a2=1 time=[30, 90] keyCh=TIME
nrow=2 a1=0 a2=1 time=[150, 210] keyCh=TIME
nrow=1 a1=0 a2=1 time=[270] keyCh=ANTENNA2
nrow=2 a1=0 a2=2 time=[30, 90] keyCh=TIME
nrow=2 a1=0 a2=2 time=[150, 210] keyCh=TIME
nrow=1 a1=0 a2=2 time=[270] keyCh=ANTENNA1
nrow=2 a1=1 a2=1 time=[30, 90] keyCh=TIME
nrow=2 a1=1 a2=1 time=[150, 210] keyCh=TIME
nrow=1 a1=1 a2=1 time=[270] keyCh=ANTENNA2
nrow=2 a1=1 a2=2 time=[30, 90] keyCh=TIME
nrow=2 a1=1 a2=2 time=[150, 210] keyCh=TIME
nrow=1 a1=1 a2=2 time=[270] keyCh=ANTENNA1
nrow=2 a1=2 a2=2 time=[30, 90] keyCh=TIME
nrow=2 a1=2 a2=2 time=[150, 210] keyCh=TIME
nrow=1 a1=2 a2=2 time=[270] keyCh=
=====
nrow=2 a1=0 a2=1 time=[150, 210] keyCh=TIME
nrow=1 a1=0 a2=1 time=[270] keyCh=ANTENNA2
nrow=2 a1=0 a2=2 time=[30, 90] keyCh=TIME
nrow=2 a1=0 a2=2 time=[150, 210] keyCh=TIME
nrow=1 a1=0 a2=2 time=[270] keyCh=ANTENNA1
nrow=2 a1=1 a2=1 time=[30, 90] keyCh=TIME
nrow=2 a1=1 a2=1 time=[150, 210] keyCh=TIME
nrow=1 a1=1 a2=1 time=[270] keyCh=ANTENNA2
nrow=2 a1=1 a2=2 time=[30, 90] keyCh=TIME
nrow=2 a1=1 a2=2 time=[150, 210] keyCh=TIME
nrow=1 a1=1 a2=2 time=[270] keyCh=ANTENNA1
nrow=2 a1=2 a2=2 time=[30, 90] keyCh=TIME
nrow=2 a1=2 a2=2 time=[150, 210] keyCh=TIME
nrow=1 a1=2 a2=2 time=[270] keyCh=
=====
########
nrow=2 a1=0 a2=0 time=[30, 90]
nrow=2 a1=0 a2=0 time=[150, 210]
nrow=1 a1=0 a2=0 time=[270]
nrow=2 a1=0 a2=1 time=[30, 90]
nrow=2 a1=0 a2=1 time=[150, 210]
nrow=1 a1=0 a2=1 time=[270]
nrow=2 a1=0 a2=2 time=[30, 90]
nrow=2 a1=0 a2=2 time=[150, 210]
nrow=1 a1=0 a2=2 time=[270]
nrow=2 a1=1 a2=1 time=[30, 90]
nrow=2 a1=1 a2=1 time=[150, 210]
nrow=1 a1=1 a2=1 time=[270]
nrow=2 a1=1 a2=2 time=[30, 90]
nrow=2 a1=1 a2=2 time=[150, 210]
nrow=1 a1=1 a2=2 time=[270]
nrow=2 a1=2 a2=2 time=[30, 90]
nrow=2 a1=2 a2=2 time=[150, 210]
nrow=1 a1=2 a2=2 time=[270]
########
nrow=30
########
nrow=25
nrow=5
########
Iteration with DDID sorting
===========================
nrow=75
ddid = 0 spwid = 0 polid = 0
freqs = [1e+09, 1.001e+09, 1.002e+09, 1.003e+09, 1.004e+09, 1.005e+09, 1.006e+09, 1.007e+09] freq0 Frequency: 1e+09
nrow=75
ddid = 1 spwid = 1 polid = 1
freqs = [1.01e+09, 1.011e+09, 1.012e+09, 1.013e+09, 1.014e+09, 1.015e+09, 1.016e+09, 1.017e+09] freq0 Frequency: 1.01e+09
nrow=75
ddid = 2 spwid = 2 polid = 0
freqs = [1.02e+09, 1.021e+09, 1.022e+09, 1.023e+09, 1.024e+09, 1.025e+09, 1.026e+09, 1.027e+09] freq0 Frequency: 1.02e+09
nrow=75
ddid = 3 spwid = 3 polid = 1
freqs = [1.03e+09, 1.031e+09, 1.032e+09, 1.033e+09, 1.034e+09, 1.035e+09, 1.036e+09, 1.037e+09] freq0 Frequency: 1.03e+09
nrow=75
ddid = 4 spwid = 4 polid = 0
freqs = [1.04e+09, 1.041e+09, 1.042e+09, 1.043e+09, 1.044e+09, 1.045e+09, 1.046e+09, 1.047e+09] freq0 Frequency: 1.04e+09
nrow=75
ddid = 0 spwid = 0 polid = 0
freqs = [1e+09, 1.001e+09, 1.002e+09, 1.003e+09, 1.004e+09, 1.005e+09, 1.006e+09, 1.007e+09] freq0 Frequency: 1e+09
nrow=75
ddid = 1 spwid = 1 polid = 1
freqs = [1.01e+09, 1.011e+09, 1.012e+09, 1.013e+09, 1.014e+09, 1.015e+09, 1.016e+09, 1.017e+09] freq0 Frequency: 1.01e+09
nrow=75
ddid = 2 spwid = 2 polid = 0
freqs = [1.02e+09, 1.021e+09, 1.022e+09, 1.023e+09, 1.024e+09, 1.025e+09, 1.026e+09, 1.027e+09] freq0 Frequency: 1.02e+09
nrow=75
ddid = 3 spwid = 3 polid = 1
freqs = [1.03e+09, 1.031e+09, 1.032e+09, 1.033e+09, 1.034e+09, 1.035e+09, 1.036e+09, 1.037e+09] freq0 Frequency: 1.03e+09
nrow=75
ddid = 4 spwid = 4 polid = 0
freqs = [1.04e+09, 1.041e+09, 1.042e+09, 1.043e+09, 1.044e+09, 1.045e+09, 1.046e+09, 1.047e+09] freq0 Frequency: 1.04e+09
Iteration with ANTENNA1 and DDID sorting
========================================
nrow=25
ddid = 0 spwid = 0 polid = 0
freqs = [1e+09, 1.001e+09, 1.002e+09, 1.003e+09, 1.004e+09, 1.005e+09, 1.006e+09, 1.007e+09] freq0 Frequency: 1e+09
nrow=20
ddid = 0 spwid = 0 polid = 0
freqs = [1e+09, 1.001e+09, 1.002e+09, 1.003e+09, 1.004e+09, 1.005e+09, 1.006e+09, 1.007e+09] freq0 Frequency: 1e+09
nrow=15
ddid = 0 spwid = 0 polid = 0
freqs = [1e+09, 1.001e+09, 1.002e+09, 1.003e+09, 1.004e+09, 1.005e+09, 1.006e+09, 1.007e+09] freq0 Frequency: 1e+09
nrow=10
ddid = 0 spwid = 0 polid = 0
freqs = [1e+09, 1.001e+09, 1.002e+09, 1.003e+09, 1.004e+09, 1.005e+09, 1.006e+09, 1.007e+09] freq0 Frequency: 1e+09
nrow=5
ddid = 0 spwid = 0 polid = 0
freqs = [1e+09, 1.001e+09, 1.002e+09, 1.003e+09, 1.004e+09, 1.005e+09, 1.006e+09, 1.007e+09] freq0 Frequency: 1e+09
nrow=25
ddid = 1 spwid = 1 polid = 1
freqs = [1.01e+09, 1.011e+09, 1.012e+09, 1.013e+09, 1.014e+09, 1.015e+09, 1.016e+09, 1.017e+09] freq0 Frequency: 1.01e+09
nrow=20
ddid = 1 spwid = 1 polid = 1
freqs = [1.01e+09, 1.011e+09, 1.012e+09, 1.013e+09, 1.014e+09, 1.015e+09, 1.016e+09, 1.017e+09] freq0 Frequency: 1.01e+09
nrow=15
ddid = 1 spwid = 1 polid = 1
freqs = [1.01e+09, 1.011e+09, 1.012e+09, 1.013e+09, 1.014e+09, 1.015e+09, 1.016e+09, 1.017e+09] freq0 Frequency: 1.01e+09
nrow=10
ddid = 1 spwid = 1 polid = 1
freqs = [1.01e+09, 1.011e+09, 1.012e+09, 1.013e+09, 1.014e+09, 1.015e+09, 1.016e+09, 1.017e+09] freq0 Frequency: 1.01e+09
nrow=5
ddid = 1 spwid = 1 polid = 1
freqs = [1.01e+09, 1.011e+09, 1.012e+09, 1.013e+09, 1.014e+09, 1.015e+09, 1.016e+09, 1.017e+09] freq0 Frequency: 1.01e+09
nrow=25
ddid = 2 spwid = 2 polid = 0
freqs = [1.02e+09, 1.021e+09, 1.022e+09, 1.023e+09, 1.024e+09, 1.025e+09, 1.026e+09, 1.027e+09] freq0 Frequency: 1.02e+09
nrow=20
ddid = 2 spwid = 2 polid = 0
freqs = [1.02e+09, 1.021e+09, 1.022e+09, 1.023e+09, 1.024e+09, 1.025e+09, 1.026e+09, 1.027e+09] freq0 Frequency: 1.02e+09
nrow=15
ddid = 2 spwid = 2 polid = 0
freqs = [1.02e+09, 1.021e+09, 1.022e+09, 1.023e+09, 1.024e+09, 1.025e+09, 1.026e+09, 1.027e+09] freq0 Frequency: 1.02e+09
nrow=10
ddid = 2 spwid = 2 polid = 0
freqs = [1.02e+09, 1.021e+09, 1.022e+09, 1.023e+09, 1.024e+09, 1.025e+09, 1.026e+09, 1.027e+09] freq0 Frequency: 1.02e+09
nrow=5
ddid = 2 spwid = 2 polid = 0
freqs = [1.02e+09, 1.021e+09, 1.022e+09, 1.023e+09, 1.024e+09, 1.025e+09, 1.026e+09, 1.027e+09] freq0 Frequency: 1.02e+09
nrow=25
ddid = 3 spwid = 3 polid = 1
freqs = [1.03e+09, 1.031e+09, 1.032e+09, 1.033e+09, 1.034e+09, 1.035e+09, 1.036e+09, 1.037e+09] freq0 Frequency: 1.03e+09
nrow=20
ddid = 3 spwid = 3 polid = 1
freqs = [1.03e+09, 1.031e+09, 1.032e+09, 1.033e+09, 1.034e+09, 1.035e+09, 1.036e+09, 1.037e+09] freq0 Frequency: 1.03e+09
nrow=15
ddid = 3 spwid = 3 polid = 1
freqs = [1.03e+09, 1.031e+09, 1.032e+09, 1.033e+09, 1.034e+09, 1.035e+09, 1.036e+09, 1.037e+09] freq0 Frequency: 1.03e+09
nrow=10
ddid = 3 spwid = 3 polid = 1
freqs = [1.03e+09, 1.031e+09, 1.032e+09, 1.033e+09, 1.034e+09, 1.035e+09, 1.036e+09, 1.037e+09] freq0 Frequency: 1.03e+09
nrow=5
ddid = 3 spwid = 3 polid = 1
freqs = [1.03e+09, 1.031e+09, 1.032e+09, 1.033e+09, 1.034e+09, 1.035e+09, 1.036e+09, 1.037e+09] freq0 Frequency: 1.03e+09
nrow=25
ddid = 4 spwid = 4 polid = 0
freqs = [1.04e+09, 1.041e+09, 1.042e+09, 1.043e+09, 1.044e+09, 1.045e+09, 1.046e+09, 1.047e+09] freq0 Frequency: 1.04e+09
nrow=20
ddid = 4 spwid = 4 polid = 0
freqs = [1.04e+09, 1.041e+09, 1.042e+09, 1.043e+09, 1.044e+09, 1.045e+09, 1.046e+09, 1.047e+09] freq0 Frequency: 1.04e+09
nrow=15
ddid = 4 spwid = 4 polid = 0
freqs = [1.04e+09, 1.041e+09, 1.042e+09, 1.043e+09, 1.044e+09, 1.045e+09, 1.046e+09, 1.047e+09] freq0 Frequency: 1.04e+09
nrow=10
ddid = 4 spwid = 4 polid = 0
freqs = [1.04e+09, 1.041e+09, 1.042e+09, 1.043e+09, 1.044e+09, 1.045e+09, 1.046e+09, 1.047e+09] freq0 Frequency: 1.04e+09
nrow=5
ddid = 4 spwid = 4 polid = 0
freqs = [1.04e+09, 1.041e+09, 1.042e+09, 1.043e+09, 1.044e+09, 1.045e+09, 1.046e+09, 1.047e+09] freq0 Frequency: 1.04e+09
nrow=25
ddid = 0 spwid = 0 polid = 0
freqs = [1e+09, 1.001e+09, 1.002e+09, 1.003e+09, 1.004e+09, 1.005e+09, 1.006e+09, 1.007e+09] freq0 Frequency: 1e+09
nrow=20
ddid = 0 spwid = 0 polid = 0
freqs = [1e+09, 1.001e+09, 1.002e+09, 1.003e+09, 1.004e+09, 1.005e+09, 1.006e+09, 1.007e+09] freq0 Frequency: 1e+09
nrow=15
ddid = 0 spwid = 0 polid = 0
freqs = [1e+09, 1.001e+09, 1.002e+09, 1.003e+09, 1.004e+09, 1.005e+09, 1.006e+09, 1.007e+09] freq0 Frequency: 1e+09
nrow=10
ddid = 0 spwid = 0 polid = 0
freqs = [1e+09, 1.001e+09, 1.002e+09, 1.003e+09, 1.004e+09, 1.005e+09, 1.006e+09, 1.007e+09] freq0 Frequency: 1e+09
nrow=5
ddid = 0 spwid = 0 polid = 0
freqs = [1e+09, 1.001e+09, 1.002e+09, 1.003e+09, 1.004e+09, 1.005e+09, 1.006e+09, 1.007e+09] freq0 Frequency: 1e+09
nrow=25
ddid = 1 spwid = 1 polid = 1
freqs = [1.01e+09, 1.011e+09, 1.012e+09, 1.013e+09, 1.014e+09, 1.015e+09, 1.016e+09, 1.017e+09] freq0 Frequency: 1.01e+09
nrow=20
ddid = 1 spwid = 1 polid = 1
freqs = [1.01e+09, 1.011e+09, 1.012e+09, 1.013e+09, 1.014e+09, 1.015e+09, 1.016e+09, 1.017e+09] freq0 Frequency: 1.01e+09
nrow=15
ddid = 1 spwid = 1 polid = 1
freqs = [1.01e+09, 1.011e+09, 1.012e+09, 1.013e+09, 1.014e+09, 1.015e+09, 1.016e+09, 1.017e+09] freq0 Frequency: 1.01e+09
nrow=10
ddid = 1 spwid = 1 polid = 1
freqs = [1.01e+09, 1.011e+09, 1.012e+09, 1.013e+09, 1.014e+09, 1.015e+09, 1.016e+09, 1.017e+09] freq0 Frequency: 1.01e+09
nrow=5
ddid = 1 spwid = 1 polid = 1
freqs = [1.01e+09, 1.011e+09, 1.012e+09, 1.013e+09, 1.014e+09, 1.015e+09, 1.016e+09, 1.017e+09] freq0 Frequency: 1.01e+09
nrow=25
ddid = 2 spwid = 2 polid = 0
freqs = [1.02e+09, 1.021e+09, 1.022e+09, 1.023e+09, 1.024e+09, 1.025e+09, 1.026e+09, 1.027e+09] freq0 Frequency: 1.02e+09
nrow=20
ddid = 2 spwid = 2 polid = 0
freqs = [1.02e+09, 1.021e+09, 1.022e+09, 1.023e+09, 1.024e+09, 1.025e+09, 1.026e+09, 1.027e+09] freq0 Frequency: 1.02e+09
nrow=15
ddid = 2 spwid = 2 polid = 0
freqs = [1.02e+09, 1.021e+09, 1.022e+09, 1.023e+09, 1.024e+09, 1.025e+09, 1.026e+09, 1.027e+09] freq0 Frequency: 1.02e+09
nrow=10
ddid = 2 spwid = 2 polid = 0
freqs = [1.02e+09, 1.021e+09, 1.022e+09, 1.023e+09, 1.024e+09, 1.025e+09, 1.026e+09, 1.027e+09] freq0 Frequency: 1.02e+09
nrow=5
ddid = 2 spwid = 2 polid = 0
freqs = [1.02e+09, 1.021e+09, 1.022e+09, 1.023e+09, 1.024e+09, 1.025e+09, 1.026e+09, 1.027e+09] freq0 Frequency: 1.02e+09
nrow=25
ddid = 3 spwid = 3 polid = 1
freqs = [1.03e+09, 1.031e+09, 1.032e+09, 1.033e+09, 1.034e+09, 1.035e+09, 1.036e+09, 1.037e+09] freq0 Frequency: 1.03e+09
nrow=20
ddid = 3 spwid = 3 polid = 1
freqs = [1.03e+09, 1.031e+09, 1.032e+09, 1.033e+09, 1.034e+09, 1.035e+09, 1.036e+09, 1.037e+09] freq0 Frequency: 1.03e+09
nrow=15
ddid = 3 spwid = 3 polid = 1
freqs = [1.03e+09, 1.031e+09, 1.032e+09, 1.033e+09, 1.034e+09, 1.035e+09, 1.036e+09, 1.037e+09] freq0 Frequency: 1.03e+09
nrow=10
ddid = 3 spwid = 3 polid = 1
freqs = [1.03e+09, 1.031e+09, 1.032e+09, 1.033e+09, 1.034e+09, 1.035e+09, 1.036e+09, 1.037e+09] freq0 Frequency: 1.03e+09
nrow=5
ddid = 3 spwid = 3 polid = 1
freqs = [1.03e+09, 1.031e+09, 1.032e+09, 1.033e+09, 1.034e+09, 1.035e+09, 1.036e+09, 1.037e+09] freq0 Frequency: 1.03e+09
nrow=25
ddid = 4 spwid = 4 polid = 0
freqs = [1.04e+09, 1.041e+09, 1.042e+09, 1.043e+09, 1.044e+09, 1.045e+09, 1.046e+09, 1.047e+09] freq0 Frequency: 1.04e+09
nrow=20
ddid = 4 spwid = 4 polid = 0
freqs = [1.04e+09, 1.041e+09, 1.042e+09, 1.043e+09, 1.044e+09, 1.045e+09, 1.046e+09, 1.047e+09] freq0 Frequency: 1.04e+09
nrow=15
ddid = 4 spwid = 4 polid = 0
freqs = [1.04e+09, 1.041e+09, 1.042e+09, 1.043e+09, 1.044e+09, 1.045e+09, 1.046e+09, 1.047e+09] freq0 Frequency: 1.04e+09
nrow=10
ddid = 4 spwid = 4 polid = 0
freqs = [1.04e+09, 1.041e+09, 1.042e+09, 1.043e+09, 1.044e+09, 1.045e+09, 1.046e+09, 1.047e+09] freq0 Frequency: 1.04e+09
nrow=5
ddid = 4 spwid = 4 polid = 0
freqs = [1.04e+09, 1.041e+09, 1.042e+09, 1.043e+09, 1.044e+09, 1.045e+09, 1.046e+09, 1.047e+09] freq0 Frequency: 1.04e+09
Iteration with TIME sorting
===========================
 Skipping row
 Skipping row
 Skipping row
 Skipping row
 Skipping row
 Skipping row
 Skipping row
 Skipping row
 Skipping row
nrow=75
ddid = 0 spwid = 0 polid = 0
freqs = [1e+09, 1.001e+09, 1.002e+09, 1.003e+09, 1.004e+09, 1.005e+09, 1.006e+09, 1.007e+09] freq0 Frequency: 1e+09
 Skipping row
 Skipping row
 Skipping row
nrow=75
ddid = 0 spwid = 0 polid = 0
freqs = [1e+09, 1.001e+09, 1.002e+09, 1.003e+09, 1.004e+09, 1.005e+09, 1.006e+09, 1.007e+09] freq0 Frequency: 1e+09
 Skipping row
 Skipping row
 Skipping row
nrow=75
ddid = 0 spwid = 0 polid = 0
freqs = [1e+09, 1.001e+09, 1.002e+09, 1.003e+09, 1.004e+09, 1.005e+09, 1.006e+09, 1.007e+09] freq0 Frequency: 1e+09
 Skipping row
 Skipping row
 Skipping row
nrow=75
ddid = 0 spwid = 0 polid = 0
freqs = [1e+09, 1.001e+09, 1.002e+09, 1.003e+09, 1.004e+09, 1.005e+09, 1.006e+09, 1.007e+09] freq0 Frequency: 1e+09
 Skipping row
nrow=75
ddid = 0 spwid = 0 polid = 0
freqs = [1e+09, 1.001e+09, 1.002e+09, 1.003e+09, 1.004e+09, 1.005e+09, 1.006e+09, 1.007e+09] freq0 Frequency: 1e+09
 Skipping row
nrow=75
ddid = 0 spwid = 0 polid = 0
freqs = [1e+09, 1.001e+09, 1.002e+09, 1.003e+09, 1.004e+09, 1.005e+09, 1.006e+09, 1.007e+09] freq0 Frequency: 1e+09
nrow=75
ddid = 0 spwid = 0 polid = 0
freqs = [1e+09, 1.001e+09, 1.002e+09, 1.003e+09, 1.004e+09, 1.005e+09, 1.006e+09, 1.007e+09] freq0 Frequency: 1e+09
nrow=75
ddid = 0 spwid = 0 polid = 0
freqs = [1e+09, 1.001e+09, 1.002e+09, 1.003e+09, 1.004e+09, 1.005e+09, 1.006e+09, 1.007e+09] freq0 Frequency: 1e+09
nrow=75
ddid = 0 spwid = 0 polid = 0
freqs = [1e+09, 1.001e+09, 1.002e+09, 1.003e+09, 1.004e+09, 1.005e+09, 1.006e+09, 1.007e+09] freq0 Frequency: 1e+09
nrow=75
ddid = 0 spwid = 0 polid = 0
freqs = [1e+09, 1.001e+09, 1.002e+09, 1.003e+09, 1.004e+09, 1.005e+09, 1.006e+09, 1.007e+09] freq0 Frequency: 1e+09
 Skipping row
 Skipping row
 Skipping row
 Skipping row
 Skipping row
 Skipping row
 Skipping row
 Skipping row
 Skipping row
nrow=75
ddid = 0 spwid = 0 polid = 0
freqs = [1e+09, 1.001e+09, 1.002e+09, 1.003e+09, 1.004e+09, 1.005e+09, 1.006e+09, 1.007e+09] freq0 Frequency: 1e+09
 Skipping row
 Skipping row
 Skipping row
nrow=75
ddid = 0 spwid = 0 polid = 0
freqs = [1e+09, 1.001e+09, 1.002e+09, 1.003e+09, 1.004e+09, 1.005e+09, 1.006e+09, 1.007e+09] freq0 Frequency: 1e+09
 Skipping row
 Skipping row
 Skipping row
nrow=75
ddid = 0 spwid = 0 polid = 0
freqs = [1e+09, 1.001e+09, 1.002e+09, 1.003e+09, 1.004e+09, 1.005e+09, 1.006e+09, 1.007e+09] freq0 Frequency: 1e+09
 Skipping row
 Skipping row
 Skipping row
nrow=75
ddid = 0 spwid = 0 polid = 0
freqs = [1e+09, 1.001e+09, 1.002e+09, 1.003e+09, 1.004e+09, 1.005e+09, 1.006e+09, 1.007e+09] freq0 Frequency: 1e+09
 Skipping row
nrow=75
ddid = 0 spwid = 0 polid = 0
freqs = [1e+09, 1.001e+09, 1.002e+09, 1.003e+09, 1.004e+09, 1.005e+09, 1.006e+09, 1.007e+09] freq0 Frequency: 1e+09
 Skipping row
nrow=75
ddid = 0 spwid = 0 polid = 0
freqs = [1e+09, 1.001e+09, 1.002e+09, 1.003e+09, 1.004e+09, 1.005e+09, 1.006e+09, 1.007e+09] freq0 Frequency: 1e+09
nrow=75
ddid = 0 spwid = 0 polid = 0
freqs = [1e+09, 1.001e+09, 1.002e+09, 1.003e+09, 1.004e+09, 1.005e+09, 1.006e+09, 1.007e+09] freq0 Frequency: 1e+09
nrow=75
ddid = 0 spwid = 0 polid = 0
freqs = [1e+09, 1.001e+09, 1.002e+09, 1.003e+09, 1.004e+09, 1.005e+09, 1.006e+09, 1.007e+09] freq0 Frequency: 1e+09
nrow=75
ddid = 0 spwid = 0 polid = 0
freqs = [1e+09, 1.001e+09, 1.002e+09, 1.003e+09, 1.004e+09, 1.005e+09, 1.006e+09, 1.007e+09] freq0 Frequency: 1e+09
nrow=75
ddid = 0 spwid = 0 polid = 0
freqs = [1e+09, 1.001e+09, 1.002e+09, 1.003e+09, 1.004e+09, 1.005e+09, 1.006e+09, 1.007e+09] freq0 Frequency: 1e+09
########
Iteration with FIELD sorting
===========================
nrow=75
fieldid = 0
nrow=75
fieldid = 1
nrow=75
fieldid = 2
nrow=75
fieldid = 3
nrow=75
fieldid = 4
nrow=75
fieldid = 0
nrow=75
fieldid = 1
nrow=75
fieldid = 2
nrow=75
fieldid = 3
nrow=75
fieldid = 4
Iteration with ANTENNA1 and FIELD sorting
========================================
nrow=25
fieldid = 0
nrow=20
fieldid = 0
nrow=15
fieldid = 0
nrow=10
fieldid = 0
nrow=5
fieldid = 0
nrow=25
fieldid = 1
nrow=20
fieldid = 1
nrow=15
fieldid = 1
nrow=10
fieldid = 1
nrow=5
fieldid = 1
nrow=25
fieldid = 2
nrow=20
fieldid = 2
nrow=15
fieldid = 2
nrow=10
fieldid = 2
nrow=5
fieldid = 2
nrow=25
fieldid = 3
nrow=20
fieldid = 3
nrow=15
fieldid = 3
nrow=10
fieldid = 3
nrow=5
fieldid = 3
nrow=25
fieldid = 4
nrow=20
fieldid = 4
nrow=15
fieldid = 4
nrow=10
fieldid = 4
nrow=5
fieldid = 4
nrow=25
fieldid = 0
nrow=20
fieldid = 0
nrow=15
fieldid = 0
nrow=10
fieldid = 0
nrow=5
fieldid = 0
nrow=25
fieldid = 1
nrow=20
fieldid = 1
nrow=15
fieldid = 1
nrow=10
fieldid = 1
nrow=5
fieldid = 1
nrow=25
fieldid = 2
nrow=20
fieldid = 2
nrow=15
fieldid = 2
nrow=10
fieldid = 2
nrow=5
fieldid = 2
nrow=25
fieldid = 3
nrow=20
fieldid = 3
nrow=15
fieldid = 3
nrow=10
fieldid = 3
nrow=5
fieldid = 3
nrow=25
fieldid = 4
nrow=20
fieldid = 4
nrow=15
fieldid = 4
nrow=10
fieldid = 4
nrow=5
fieldid = 4
Iteration with TIME sorting
===========================
 Skipping row
 Skipping row
 Skipping row
 Skipping row
 Skipping row
 Skipping row
 Skipping row
 Skipping row
 Skipping row
nrow=75
fieldid = 0
 Skipping row
 Skipping row
 Skipping row
nrow=75
fieldid = 0
nrow=75
fieldid = 0
 Skipping row
 Skipping row
nrow=75
fieldid = 0
nrow=75
fieldid = 0
nrow=75
fieldid = 0
 Skipping row
nrow=75
fieldid = 0
nrow=75
fieldid = 0
nrow=75
fieldid = 0
nrow=75
fieldid = 0
nrow=75
fieldid = 0
nrow=75
fieldid = 0
nrow=75
fieldid = 0
nrow=75
fieldid = 0
nrow=75
fieldid = 0
 Skipping row
 Skipping row
 Skipping row
 Skipping row
 Skipping row
 Skipping row
 Skipping row
 Skipping row
 Skipping row
nrow=75
fieldid = 0
 Skipping row
 Skipping row
 Skipping row
nrow=75
fieldid = 0
nrow=75
fieldid = 0
 Skipping row
 Skipping row
nrow=75
fieldid = 0
nrow=75
fieldid = 0
nrow=75
fieldid = 0
 Skipping row
nrow=75
fieldid = 0
nrow=75
fieldid = 0
nrow=75
fieldid = 0
nrow=75
fieldid = 0
nrow=75
fieldid = 0
nrow=75
fieldid = 0
nrow=75
fieldid = 0
nrow=75
fieldid = 0
nrow=75
fieldid = 0
